C251 COMPILER V5.60.0,  brushless                                                          22/04/26  16:39:19  PAGE 1   


C251 COMPILER V5.60.0, COMPILATION OF MODULE brushless
OBJECT MODULE PLACED IN .\out_file\brushless.obj
COMPILER INVOKED BY: D:\keil\C251\BIN\C251.EXE brushless.c LARGE FLOAT64 ROM(HUGE) WARNINGLEVEL(3) OPTIMIZE(0,SIZE) BROW
                    -SE INCDIR(..\..\libraries\zf_common;..\..\libraries\zf_components;..\..\libraries\zf_device;..\..\libraries\zf_driver;..
                    -\user;..\code;..\..\libraries\zf_components\stc32g_usb_lib;..\..\libraries\zf_components\seekfree_assistant) DEBUG PRINT
                    -(.\out_file\brushless.lst) TABS(2) OBJECT(.\out_file\brushless.obj) 

stmt  level    source

    1          #include "brushless.h"
    2          
    3          #define FREQ               (50)                                                // ¿ØÖÆÆµÂÊÎª50HZ£¬×î¸ßÖ§³
             -Ö300HZ
    4          #define PWM_1              (PWMF_CH3_PA5)
    5          #define PWM_2              (PWMF_CH4_PA7)
    6          
    7          uint16 duty = 0;
    8          
    9                  // ¼ÆËãÎÞË¢µçµ÷×ªËÙ   £¨1ms - 2ms£©/20ms * 10000£¨10000ÊÇPWMµÄÂúÕ¼¿Õ±ÈÊ±ºòµÄÖµ£©
   10                  // ÔÚ50HzµÄ¿ØÖÆÆµÂÊÏÂ£¬ÎÞË¢µçµ÷×ªËÙ 0%   Îª 500
   11                  // ÔÚ50HzµÄ¿ØÖÆÆµÂÊÏÂ£¬ÎÞË¢µçµ÷×ªËÙ 20%  Îª 600
   12                  // ÔÚ50HzµÄ¿ØÖÆÆµÂÊÏÂ£¬ÎÞË¢µçµ÷×ªËÙ 40%  Îª 700
   13                  // ÔÚ50HzµÄ¿ØÖÆÆµÂÊÏÂ£¬ÎÞË¢µçµ÷×ªËÙ 60%  Îª 800
   14                  // ÔÚ50HzµÄ¿ØÖÆÆµÂÊÏÂ£¬ÎÞË¢µçµ÷×ªËÙ 80%  Îª 900
   15                  // ÔÚ50HzµÄ¿ØÖÆÆµÂÊÏÂ£¬ÎÞË¢µçµ÷×ªËÙ 100% Îª 1000
   16              
   17              // µçµ÷Ö§³Ö50hz-300hzµÄ¿ØÖÆÆµÂÊ
   18              // 50HzµÄ¿ØÖÆÆµÂÊ £¬´Ó0%µ½100%Õ¼¿Õ±ÈÎª500µ½1000
   19              // 100HzµÄ¿ØÖÆÆµÂÊ£¬´Ó0%µ½100%Õ¼¿Õ±ÈÎª1000µ½2000
   20              // 200HzµÄ¿ØÖÆÆµÂÊ£¬´Ó0%µ½100%Õ¼¿Õ±ÈÎª2000µ½4000
   21              // 300HzµÄ¿ØÖÆÆµÂÊ£¬´Ó0%µ½100%Õ¼¿Õ±ÈÎª3000µ½6000
   22          
   23          void fan_init(void)
   24          {
   25   1        pwm_init(PWM_1, FREQ, 0);                   // PWM Í¨µÀ1 ³õÊ¼»¯ÆµÂÊ 50Hz  Õ¼¿Õ±È³õÊ¼Îª 0
   26   1        pwm_init(PWM_2, FREQ, 0);                   // PWM Í¨µÀ2 ³õÊ¼»¯ÆµÂÊ 50Hz  Õ¼¿Õ±È³õÊ¼Îª 0
   27   1      }
   28          
   29          void set_fan_speed(int left, int right)
   30          {
   31   1        pwm_set_duty(PWM_1, left);
   32   1        pwm_set_duty(PWM_2, right);
   33   1      }
   34            


Module Information          Static   Overlayable
------------------------------------------------
  code size            =    ------     ------
  ecode size           =        98     ------
  data size            =    ------     ------
  idata size           =    ------     ------
  pdata size           =    ------     ------
  xdata size           =         6     ------
  xdata-const size     =    ------     ------
  edata size           =    ------     ------
  bit size             =    ------     ------
  ebit size            =    ------     ------
  bitaddressable size  =    ------     ------
  ebitaddressable size =    ------     ------
  far data size        =    ------     ------
  huge data size       =    ------     ------
  const size           =    ------     ------
  hconst size          =         7     ------
End of Module Information.


C251 COMPILATION COMPLETE.  0 WARNING(S),  0 ERROR(S)
