C251 COMPILER V5.60.0,  camera                                                             02/05/26  18:20:07  PAGE 1   


C251 COMPILER V5.60.0, COMPILATION OF MODULE camera
OBJECT MODULE PLACED IN .\out_file\camera.obj
COMPILER INVOKED BY: D:\keil\C251\BIN\C251.EXE ..\code\camera.c LARGE FLOAT64 ROM(HUGE) WARNINGLEVEL(3) OPTIMIZE(0,SIZE)
                    - BROWSE INCDIR(..\..\libraries\zf_common;..\..\libraries\zf_components;..\..\libraries\zf_device;..\..\libraries\zf_driv
                    -er;..\user;..\code;..\..\libraries\zf_components\stc32g_usb_lib;..\..\libraries\zf_components\seekfree_assistant) DEBUG 
                    -PRINT(.\out_file\camera.lst) TABS(2) OBJECT(.\out_file\camera.obj) 

stmt  level    source

    1          #include "camera.h"
    2          #include "zf_common_headfile.h"
    3          
    4          /* 开源风格视觉流程：
    5           * 阈值二值判断 -> 自底向上扫左右边界 -> 取中线 -> 固定行段算偏差。
    6           */
    7          #define CAMERA_DEBUG_DRAW_ENABLE      0
    8          #define CAMERA_DEBUG_DRAW_INTERVAL    6
    9          
   10          #define IMAGE_BLACK                   0
   11          #define IMAGE_WHITE                   255
   12          #define BORDER_BIAS                   1
   13          
   14          #define CAMERA_ROW_STEP               3
   15          #define CAMERA_THRESHOLD_UPDATE_DIV   3
   16          #define CAMERA_THRESHOLD_ROW_STEP     4
   17          #define CAMERA_THRESHOLD_COL_STEP     4
   18          #define CAMERA_BIAS_START_LINE        70
   19          #define CAMERA_BIAS_END_LINE          50
   20          #define CAMERA_PREVIEW_NEAR_ROW       (MT9V03X_H - 15)
   21          #define CAMERA_PREVIEW_MID_ROW        55
   22          #define CAMERA_PREVIEW_FAR_ROW        30
   23          #define CAMERA_AVG_RADIUS             2
   24          #define CAMERA_MIN_BIAS_ROWS          5
   25          
   26          #define WIFI_SSID_TEST                "Car"
   27          #define WIFI_PASSWORD_TEST            "431431431"
   28          #define WIFI_BOUNDARY_ENABLE          1
   29          #define CAMERA_BINARY_OUTPUT_ENABLE   ((CAMERA_DEBUG_DRAW_ENABLE == 1) || (IPS200_OR_WIFI == 1))
   30          #define PIXEL_IS_WHITE_FAST(row, col) (mt9v03x_image[(row)][(col)] > img_threshold)
   31          
   32          uint8 img_threshold = 120;
   33          uint8 left_jidian = 1;
   34          uint8 right_jidian = MT9V03X_W - 2;
   35          uint8 left_line_list[MT9V03X_H];
   36          uint8 right_line_list[MT9V03X_H];
   37          uint8 mid_line_list[MT9V03X_H];
   38          uint8 final_mid_line = MID_W;
   39          
   40          int16 camera_bias_raw = 0;
   41          int16 camera_preview_raw = 0;
   42          int16 camera_preview_far_raw = 0;
   43          int16 camera_curve_raw = 0;
   44          uint8 camera_route_mode = 0;
   45          uint8 camera_valid_line_cnt = 0;
   46          uint8 camera_lost_left_cnt = 0;
   47          uint8 camera_lost_right_cnt = 0;
   48          uint8 camera_confidence = 0;
   49          
   50          volatile uint16 current_fps = 0;
   51          volatile uint16 fps_counter = 0;
   52          
   53          #if CAMERA_BINARY_OUTPUT_ENABLE
               static uint8 bin_image[MT9V03X_H][MT9V03X_W];
               #endif
   56          
C251 COMPILER V5.60.0,  camera                                                             02/05/26  18:20:07  PAGE 2   

   57          static uint8 scan_mid = MID_W;
   58          static int last_bias_mid = MID_W;
   59          static int16 last_slope_x10 = 0;
   60          
   61          #if CAMERA_DEBUG_DRAW_ENABLE
               static uint8 skip_draw = 0;
               #endif
   64          
   65          static int abs_i(int x)
   66          {
   67   1          return (x >= 0) ? x : -x;
   68   1      }
   69          
   70          static int clamp_i(int x, int min_v, int max_v)
   71          {
   72   1          if (x < min_v) return min_v;
   73   1          if (x > max_v) return max_v;
   74   1          return x;
   75   1      }
   76          
   77          static int sign_i(int x)
   78          {
   79   1          if (x > 0) return 1;
   80   1          if (x < 0) return -1;
   81   1          return 0;
   82   1      }
   83          
   84          static uint8 pixel_is_white(int row, int col)
   85          {
   86   1          row = clamp_i(row, 0, MT9V03X_H - 1);
   87   1          col = clamp_i(col, 0, MT9V03X_W - 1);
   88   1          return PIXEL_IS_WHITE_FAST(row, col) ? 1 : 0;
   89   1      }
   90          
   91          static uint8 otsu_threshold(void)
   92          {
   93   1          static uint16 hist[256];
   94   1          uint16 row;
   95   1          uint16 col;
   96   1          uint16 i;
   97   1          uint32 total;
   98   1          uint32 sum_all;
   99   1          uint32 sum_back;
  100   1          uint32 weight_back;
  101   1          uint32 weight_fore;
  102   1          uint8 threshold;
  103   1          float mean_back;
  104   1          float mean_fore;
  105   1          float diff;
  106   1          float variance;
  107   1          float max_variance;
  108   1      
  109   1          for (i = 0; i < 256; i++)
  110   1          {
  111   2              hist[i] = 0;
  112   2          }
  113   1      
  114   1          total = 0;
  115   1          for (row = 0; row < MT9V03X_H; row += CAMERA_THRESHOLD_ROW_STEP)
  116   1          {
  117   2              for (col = 0; col < MT9V03X_W; col += CAMERA_THRESHOLD_COL_STEP)
  118   2              {
  119   3                  hist[mt9v03x_image[row][col]]++;
  120   3                  total++;
  121   3              }
  122   2          }
C251 COMPILER V5.60.0,  camera                                                             02/05/26  18:20:07  PAGE 3   

  123   1      
  124   1          if (total == 0)
  125   1          {
  126   2              return img_threshold;
  127   2          }
  128   1      
  129   1          sum_all = 0;
  130   1          for (i = 0; i < 256; i++)
  131   1          {
  132   2              sum_all += (uint32)i * (uint32)hist[i];
  133   2          }
  134   1      
  135   1          threshold = img_threshold;
  136   1          sum_back = 0;
  137   1          weight_back = 0;
  138   1          max_variance = 0.0f;
  139   1      
  140   1          for (i = 0; i < 256; i++)
  141   1          {
  142   2              weight_back += hist[i];
  143   2              if (weight_back == 0)
  144   2              {
  145   3                  continue;
  146   3              }
  147   2      
  148   2              weight_fore = total - weight_back;
  149   2              if (weight_fore == 0)
  150   2              {
  151   3                  break;
  152   3              }
  153   2      
  154   2              sum_back += (uint32)i * (uint32)hist[i];
  155   2              mean_back = (float)sum_back / (float)weight_back;
  156   2              mean_fore = (float)(sum_all - sum_back) / (float)weight_fore;
  157   2              diff = mean_back - mean_fore;
  158   2              variance = (float)weight_back * (float)weight_fore * diff * diff;
  159   2      
  160   2              if (variance > max_variance)
  161   2              {
  162   3                  max_variance = variance;
  163   3                  threshold = (uint8)i;
  164   3              }
  165   2          }
  166   1      
  167   1          return threshold;
  168   1      }
  169          
  170          #if CAMERA_BINARY_OUTPUT_ENABLE
               static void make_binary_snapshot(void)
               {
                   uint16 row;
                   uint16 col;
               
                   for (row = 0; row < MT9V03X_H; row++)
                   {
                       for (col = 0; col < MT9V03X_W; col++)
                       {
                           bin_image[row][col] = PIXEL_IS_WHITE_FAST(row, col) ? IMAGE_WHITE : IMAGE_BLACK;
                       }
                   }
               }
               #endif
  185          
  186          void mark_frame_processed(void)
  187          {
  188   1          fps_counter++;
C251 COMPILER V5.60.0,  camera                                                             02/05/26  18:20:07  PAGE 4   

  189   1      }
  190          
  191          void my_fps_timer_callback(void)
  192          {
  193   1          static uint16 time_ms = 0;
  194   1      
  195   1          time_ms++;
  196   1          if (time_ms >= 1000)
  197   1          {
  198   2              current_fps = fps_counter;
  199   2              fps_counter = 0;
  200   2              time_ms = 0;
  201   2          }
  202   1      }
  203          
  204          static void scan_one_row(int row, int *mid_io, int *left_out, int *right_out,
  205                                   uint8 *left_ok, uint8 *right_ok)
  206          {
  207   1          int col;
  208   1          int mid;
  209   1          uint8 flag_l;
  210   1          uint8 flag_r;
  211   1      
  212   1          mid = clamp_i(*mid_io, 1, MT9V03X_W - 2);
  213   1          flag_l = 0;
  214   1          flag_r = 0;
  215   1          *left_out = 0;
  216   1          *right_out = MT9V03X_W - 1;
  217   1      
  218   1          if (!PIXEL_IS_WHITE_FAST(row, mid))
  219   1          {
  220   2              for (col = mid; col - BORDER_BIAS > 0; col--)
  221   2              {
  222   3                  if (PIXEL_IS_WHITE_FAST(row, col) && PIXEL_IS_WHITE_FAST(row, col - BORDER_BIAS))
  223   3                  {
  224   4                      *right_out = col;
  225   4                      flag_r = 1;
  226   4                      break;
  227   4                  }
  228   3              }
  229   2      
  230   2              if (flag_r)
  231   2              {
  232   3                  for (; col - BORDER_BIAS > 0; col--)
  233   3                  {
  234   4                      if (!PIXEL_IS_WHITE_FAST(row, col) && !PIXEL_IS_WHITE_FAST(row, col - BORDER_BIAS))
  235   4                      {
  236   5                          *left_out = col;
  237   5                          flag_l = 1;
  238   5                          break;
  239   5                      }
  240   4                  }
  241   3              }
  242   2              else
  243   2              {
  244   3                  for (col = mid; col + BORDER_BIAS < MT9V03X_W - 1; col++)
  245   3                  {
  246   4                      if (PIXEL_IS_WHITE_FAST(row, col) && PIXEL_IS_WHITE_FAST(row, col + BORDER_BIAS))
  247   4                      {
  248   5                          *left_out = col;
  249   5                          flag_l = 1;
  250   5                          break;
  251   5                      }
  252   4                  }
  253   3      
  254   3                  if (flag_l)
C251 COMPILER V5.60.0,  camera                                                             02/05/26  18:20:07  PAGE 5   

  255   3                  {
  256   4                      for (; col + BORDER_BIAS < MT9V03X_W - 1; col++)
  257   4                      {
  258   5                          if (!PIXEL_IS_WHITE_FAST(row, col) && !PIXEL_IS_WHITE_FAST(row, col + BORDER_BIAS))
  259   5                          {
  260   6                              *right_out = col;
  261   6                              flag_r = 1;
  262   6                              break;
  263   6                          }
  264   5                      }
  265   4                  }
  266   3              }
  267   2          }
  268   1          else
  269   1          {
  270   2              for (col = mid; col - BORDER_BIAS > 0; col--)
  271   2              {
  272   3                  if (!PIXEL_IS_WHITE_FAST(row, col) && !PIXEL_IS_WHITE_FAST(row, col - BORDER_BIAS))
  273   3                  {
  274   4                      *left_out = col;
  275   4                      flag_l = 1;
  276   4                      break;
  277   4                  }
  278   3              }
  279   2      
  280   2              for (col = mid; col + BORDER_BIAS < MT9V03X_W - 1; col++)
  281   2              {
  282   3                  if (!PIXEL_IS_WHITE_FAST(row, col) && !PIXEL_IS_WHITE_FAST(row, col + BORDER_BIAS))
  283   3                  {
  284   4                      *right_out = col;
  285   4                      flag_r = 1;
  286   4                      break;
  287   4                  }
  288   3              }
  289   2          }
  290   1      
  291   1          if (!flag_l)
  292   1          {
  293   2              *left_out = 0;
  294   2          }
  295   1          if (!flag_r)
  296   1          {
  297   2              *right_out = MT9V03X_W - 1;
  298   2          }
  299   1          if (*left_out >= *right_out)
  300   1          {
  301   2              *left_out = 0;
  302   2              *right_out = MT9V03X_W - 1;
  303   2              flag_l = 0;
  304   2              flag_r = 0;
  305   2          }
  306   1      
  307   1          *mid_io = (*left_out + *right_out) / 2;
  308   1          *left_ok = flag_l;
  309   1          *right_ok = flag_r;
  310   1      }
  311          
  312          void find_jidian(void)
  313          {
  314   1          int row;
  315   1          int mid;
  316   1          int left;
  317   1          int right;
  318   1          uint8 left_ok;
  319   1          uint8 right_ok;
  320   1      
C251 COMPILER V5.60.0,  camera                                                             02/05/26  18:20:07  PAGE 6   

  321   1          row = clamp_i(jidian_search_line - 1, search_end_line + 1, MT9V03X_H - 1);
  322   1          mid = MID_W;
  323   1          scan_one_row(row, &mid, &left, &right, &left_ok, &right_ok);
  324   1      
  325   1          left_jidian = (uint8)clamp_i(left, 0, MT9V03X_W - 1);
  326   1          right_jidian = (uint8)clamp_i(right, 0, MT9V03X_W - 1);
  327   1          scan_mid = (uint8)clamp_i(mid, 1, MT9V03X_W - 2);
  328   1      }
  329          
  330          void image_deal(void)
  331          {
  332   1          int row;
  333   1          int mid;
  334   1          int left;
  335   1          int right;
  336   1          int total_rows;
  337   1          int valid_rows;
  338   1          int fill_row;
  339   1          uint8 left_ok;
  340   1          uint8 right_ok;
  341   1      
  342   1          for (row = 0; row < MT9V03X_H; row++)
  343   1          {
  344   2              left_line_list[row] = 0;
  345   2              right_line_list[row] = MT9V03X_W - 1;
  346   2              mid_line_list[row] = MID_W;
  347   2          }
  348   1      
  349   1          camera_lost_left_cnt = 0;
  350   1          camera_lost_right_cnt = 0;
  351   1          total_rows = 0;
  352   1          valid_rows = 0;
  353   1          mid = scan_mid;
  354   1      
  355   1          for (row = search_start_line - 1; row > search_end_line; row -= CAMERA_ROW_STEP)
  356   1          {
  357   2              scan_one_row(row, &mid, &left, &right, &left_ok, &right_ok);
  358   2      
  359   2              left_line_list[row] = (uint8)left;
  360   2              right_line_list[row] = (uint8)right;
  361   2              mid_line_list[row] = (uint8)mid;
  362   2      
  363   2              for (fill_row = row - 1; (fill_row > row - CAMERA_ROW_STEP) && (fill_row > search_end_line); fill
             -_row--)
  364   2              {
  365   3                  left_line_list[fill_row] = (uint8)left;
  366   3                  right_line_list[fill_row] = (uint8)right;
  367   3                  mid_line_list[fill_row] = (uint8)mid;
  368   3              }
  369   2      
  370   2              total_rows += CAMERA_ROW_STEP;
  371   2              if (left_ok && right_ok)
  372   2              {
  373   3                  valid_rows += CAMERA_ROW_STEP;
  374   3              }
  375   2              if (!left_ok)
  376   2              {
  377   3                  camera_lost_left_cnt = (uint8)clamp_i((int)camera_lost_left_cnt + CAMERA_ROW_STEP, 0, 255);
  378   3              }
  379   2              if (!right_ok)
  380   2              {
  381   3                  camera_lost_right_cnt = (uint8)clamp_i((int)camera_lost_right_cnt + CAMERA_ROW_STEP, 0, 255);
  382   3              }
  383   2          }
  384   1      
  385   1          scan_mid = (uint8)clamp_i(mid, 1, MT9V03X_W - 2);
C251 COMPILER V5.60.0,  camera                                                             02/05/26  18:20:07  PAGE 7   

  386   1          camera_valid_line_cnt = (uint8)clamp_i(valid_rows, 0, 255);
  387   1          if (total_rows > 0)
  388   1          {
  389   2              camera_confidence = (uint8)clamp_i((valid_rows * 100) / total_rows, 0, 100);
  390   2          }
  391   1          else
  392   1          {
  393   2              camera_confidence = 0;
  394   2          }
  395   1      }
  396          
  397          static int avg_mid_window(int center_row, int radius)
  398          {
  399   1          int row;
  400   1          int start_row;
  401   1          int end_row;
  402   1          int sum_mid;
  403   1          int cnt;
  404   1      
  405   1          center_row = clamp_i(center_row, search_end_line + 1, search_start_line - 1);
  406   1          start_row = clamp_i(center_row - radius, search_end_line + 1, search_start_line - 1);
  407   1          end_row = clamp_i(center_row + radius, search_end_line + 1, search_start_line - 1);
  408   1      
  409   1          sum_mid = 0;
  410   1          cnt = 0;
  411   1          for (row = start_row; row <= end_row; row++)
  412   1          {
  413   2              sum_mid += mid_line_list[row];
  414   2              cnt++;
  415   2          }
  416   1      
  417   1          if (cnt <= 0)
  418   1          {
  419   2              return mid_line_list[center_row];
  420   2          }
  421   1          return sum_mid / cnt;
  422   1      }
  423          
  424          static int fixed_row_bias_mid(int startline, int endline)
  425          {
  426   1          int row;
  427   1          int sum_mid;
  428   1          int cnt;
  429   1          int mid;
  430   1      
  431   1          startline = clamp_i(startline, search_end_line + 1, search_start_line - 1);
  432   1          endline = clamp_i(endline, search_end_line, startline - 1);
  433   1          sum_mid = 0;
  434   1          cnt = 0;
  435   1      
  436   1          for (row = startline; row > endline; row--)
  437   1          {
  438   2              mid = mid_line_list[row];
  439   2              if (!PIXEL_IS_WHITE_FAST(row, mid))
  440   2              {
  441   3                  break;
  442   3              }
  443   2              if ((row + 1 < MT9V03X_H) && (abs_i(mid_line_list[row] - mid_line_list[row + 1]) > MT9V03X_W / 3)
             -)
  444   2              {
  445   3                  break;
  446   3              }
  447   2      
  448   2              sum_mid += mid;
  449   2              cnt++;
  450   2          }
C251 COMPILER V5.60.0,  camera                                                             02/05/26  18:20:07  PAGE 8   

  451   1      
  452   1          if (cnt >= CAMERA_MIN_BIAS_ROWS)
  453   1          {
  454   2              last_bias_mid = sum_mid / cnt;
  455   2          }
  456   1          return last_bias_mid;
  457   1      }
  458          
  459          static int16 regression_slope_x10(int startline, int endline)
  460          {
  461   1          int row;
  462   1          int actual_endline;
  463   1          int sum_x;
  464   1          int sum_y;
  465   1          int cnt;
  466   1          float avg_x;
  467   1          float avg_y;
  468   1          float sum_up;
  469   1          float sum_down;
  470   1          float slope;
  471   1      
  472   1          startline = clamp_i(startline, search_end_line + 1, search_start_line - 1);
  473   1          endline = clamp_i(endline, search_end_line, startline - 1);
  474   1          actual_endline = endline;
  475   1          sum_x = 0;
  476   1          sum_y = 0;
  477   1          cnt = 0;
  478   1      
  479   1          for (row = startline; row > endline; row--)
  480   1          {
  481   2              if (!PIXEL_IS_WHITE_FAST(row, mid_line_list[row]))
  482   2              {
  483   3                  actual_endline = row;
  484   3                  break;
  485   3              }
  486   2              if ((row + 1 < MT9V03X_H) && (abs_i(mid_line_list[row] - mid_line_list[row + 1]) > MT9V03X_W / 3)
             -)
  487   2              {
  488   3                  actual_endline = row;
  489   3                  break;
  490   3              }
  491   2      
  492   2              sum_x += row;
  493   2              sum_y += mid_line_list[row];
  494   2              cnt++;
  495   2          }
  496   1      
  497   1          if (cnt <= CAMERA_MIN_BIAS_ROWS)
  498   1          {
  499   2              return last_slope_x10;
  500   2          }
  501   1      
  502   1          avg_x = (float)sum_x / (float)cnt;
  503   1          avg_y = (float)sum_y / (float)cnt;
  504   1          sum_up = 0.0f;
  505   1          sum_down = 0.0f;
  506   1      
  507   1          for (row = startline; row > actual_endline; row--)
  508   1          {
  509   2              sum_up += ((float)mid_line_list[row] - avg_y) * ((float)row - avg_x);
  510   2              sum_down += ((float)row - avg_x) * ((float)row - avg_x);
  511   2          }
  512   1      
  513   1          if (sum_down == 0.0f)
  514   1          {
  515   2              slope = 0.0f;
C251 COMPILER V5.60.0,  camera                                                             02/05/26  18:20:07  PAGE 9   

  516   2          }
  517   1          else
  518   1          {
  519   2              slope = sum_up / sum_down;
  520   2          }
  521   1      
  522   1          last_slope_x10 = (int16)clamp_i((int)(slope * 10.0f), -90, 90);
  523   1          return last_slope_x10;
  524   1      }
  525          
  526          uint8 find_mid_line_weight(void)
  527          {
  528   1          int bias_mid;
  529   1          int near_mid;
  530   1          int preview_mid;
  531   1          int far_mid;
  532   1          int preview;
  533   1          int preview_far;
  534   1          int curve;
  535   1          int slope_x10;
  536   1          uint8 route_mode;
  537   1          uint8 ea_state;
  538   1      
  539   1          bias_mid = fixed_row_bias_mid(CAMERA_BIAS_START_LINE, CAMERA_BIAS_END_LINE);
  540   1          near_mid = avg_mid_window(CAMERA_PREVIEW_NEAR_ROW, CAMERA_AVG_RADIUS);
  541   1          preview_mid = avg_mid_window(CAMERA_PREVIEW_MID_ROW, CAMERA_AVG_RADIUS);
  542   1          far_mid = avg_mid_window(CAMERA_PREVIEW_FAR_ROW, CAMERA_AVG_RADIUS);
  543   1      
  544   1          preview = preview_mid - near_mid;
  545   1          preview_far = far_mid - near_mid;
  546   1          curve = far_mid - 2 * preview_mid + near_mid;
  547   1          slope_x10 = regression_slope_x10(CAMERA_BIAS_START_LINE, CAMERA_BIAS_END_LINE);
  548   1      
  549   1          route_mode = 0;
  550   1          if ((abs_i(preview) >= 8) || (abs_i(preview_far) >= 12) || (abs_i(curve) >= 10))
  551   1          {
  552   2              route_mode = 2;
  553   2          }
  554   1          if ((abs_i(preview) >= 8) && (abs_i(preview_far) >= 12) &&
  555   1              (sign_i(preview) != 0) && (sign_i(preview_far) != 0) &&
  556   1              (sign_i(preview) != sign_i(preview_far)))
  557   1          {
  558   2              route_mode = 1;
  559   2          }
  560   1      
  561   1          ea_state = EA;
  562   1          EA = 0;
  563   1          final_mid_line = (uint8)clamp_i(bias_mid, 1, MT9V03X_W - 2);
  564   1          camera_bias_raw = (int16)clamp_i(bias_mid - MID_W, -90, 90);
  565   1          camera_preview_raw = (int16)clamp_i(preview, -90, 90);
  566   1          camera_preview_far_raw = (int16)clamp_i(preview_far, -90, 90);
  567   1          camera_curve_raw = (int16)clamp_i(curve + slope_x10, -90, 90);
  568   1          camera_route_mode = route_mode;
  569   1          EA = ea_state;
  570   1      
  571   1          return final_mid_line;
  572   1      }
  573          
  574          #if CAMERA_DEBUG_DRAW_ENABLE
               static void draw_debug_overlay(void)
               {
                   int row;
                   int px;
                   int py;
               
                   ips200_show_gray_image(0, 0, bin_image[0], MT9V03X_W, MT9V03X_H, 211, 135, 0);
C251 COMPILER V5.60.0,  camera                                                             02/05/26  18:20:07  PAGE 10  

               
                   for (row = search_start_line - 1; row > search_end_line; row -= CAMERA_ROW_STEP)
                   {
                       px = (left_line_list[row] * 9) >> 3;
                       py = (row * 9) >> 3;
                       ips200_draw_point(px, py, RGB565_BLUE);
               
                       px = (right_line_list[row] * 9) >> 3;
                       ips200_draw_point(px, py, RGB565_GREEN);
               
                       px = (mid_line_list[row] * 9) >> 3;
                       ips200_draw_point(px, py, RGB565_RED);
                   }
               
                   ips200_show_string(10, 160, "mid:");
                   ips200_show_uint8(60, 160, final_mid_line);
                   ips200_show_string(10, 175, "fps:");
                   ips200_show_uint16(60, 175, current_fps);
                   ips200_show_string(10, 190, "conf:");
                   ips200_show_uint8(60, 190, camera_confidence);
               }
               #endif
  604          
  605          #if (IPS200_OR_WIFI == 0)
  606          
  607          void camara_init(void)
  608          {
  609   1          ips200_init();
  610   1          ips200_show_string(0, 0, "mt9v03x init.");
  611   1      
  612   1          while (1)
  613   1          {
  614   2              system_delay_ms(80);
  615   2              if (mt9v03x_init())
  616   2              {
  617   3                  ips200_show_string(0, 16, "mt9v03x reinit.");
  618   3              }
  619   2              else
  620   2              {
  621   3                  break;
  622   3              }
  623   2          }
  624   1      
  625   1          ips200_show_string(0, 16, "init success.");
  626   1      }
  627          
  628          void camara_task(void)
  629          {
  630   1          static uint8 threshold_div = 0;
  631   1      
  632   1          if (mt9v03x_finish_flag)
  633   1          {
  634   2              mt9v03x_finish_flag = 0;
  635   2      
  636   2              if (threshold_div == 0)
  637   2              {
  638   3                  img_threshold = otsu_threshold();
  639   3              }
  640   2              threshold_div++;
  641   2              if (threshold_div >= CAMERA_THRESHOLD_UPDATE_DIV)
  642   2              {
  643   3                  threshold_div = 0;
  644   3              }
  645   2      
  646   2              find_jidian();
  647   2              image_deal();
C251 COMPILER V5.60.0,  camera                                                             02/05/26  18:20:07  PAGE 11  

  648   2              (void)find_mid_line_weight();
  649   2              mark_frame_processed();
  650   2      
  651   2      #if CAMERA_DEBUG_DRAW_ENABLE
                       if (++skip_draw >= CAMERA_DEBUG_DRAW_INTERVAL)
                       {
                           skip_draw = 0;
               #if CAMERA_BINARY_OUTPUT_ENABLE
                           make_binary_snapshot();
               #endif
                           draw_debug_overlay();
                       }
               #endif
  661   2          }
  662   1      }
  663          
  664          #elif (IPS200_OR_WIFI == 1)
               
               void camara_init(void)
               {
                   wireless_uart_init();
               
                   while (wifi_spi_init(WIFI_SSID_TEST, WIFI_PASSWORD_TEST))
                   {
                       system_delay_ms(100);
                   }
               
                   if (1 != WIFI_SPI_AUTO_CONNECT)
                   {
                       while (wifi_spi_socket_connect("TCP", WIFI_SPI_TARGET_IP, WIFI_SPI_TARGET_PORT, WIFI_SPI_LOCAL_PO
             -RT))
                       {
                           system_delay_ms(100);
                       }
                   }
               
                   while (mt9v03x_init())
                   {
                       system_delay_ms(80);
                   }
               
                   seekfree_assistant_interface_init(SEEKFREE_ASSISTANT_WIFI_SPI);
                   seekfree_assistant_camera_information_config(SEEKFREE_ASSISTANT_MT9V03X, bin_image[0], MT9V03X_W, MT9
             -V03X_H);
               
               #if WIFI_BOUNDARY_ENABLE
                   seekfree_assistant_camera_boundary_config(X_BOUNDARY, MT9V03X_H, left_line_list, right_line_list, mid
             -_line_list, NULL, NULL, NULL);
               #endif
               }
               
               void camara_task(void)
               {
                   static uint8 threshold_div = 0;
               
                   if (mt9v03x_finish_flag)
                   {
                       mt9v03x_finish_flag = 0;
               
                       if (threshold_div == 0)
                       {
                           img_threshold = otsu_threshold();
                       }
                       threshold_div++;
                       if (threshold_div >= CAMERA_THRESHOLD_UPDATE_DIV)
                       {
C251 COMPILER V5.60.0,  camera                                                             02/05/26  18:20:07  PAGE 12  

                           threshold_div = 0;
                       }
               
                       find_jidian();
                       image_deal();
                       (void)find_mid_line_weight();
                       mark_frame_processed();
               
                       make_binary_snapshot();
                       seekfree_assistant_camera_send();
                   }
               }
               
               #else
               #error "IPS200_OR_WIFI must be 0 or 1."
               #endif
*** WARNING C174 IN LINE 84 OF ..\code\camera.c: 'pixel_is_white': unreferenced 'static' function


Module Information          Static   Overlayable
------------------------------------------------
  code size            =    ------     ------
  ecode size           =      5562     ------
  data size            =    ------     ------
  idata size           =    ------     ------
  pdata size           =    ------     ------
  xdata size           =      1094     ------
  xdata-const size     =    ------     ------
  edata size           =    ------     ------
  bit size             =    ------     ------
  ebit size            =    ------     ------
  bitaddressable size  =    ------     ------
  ebitaddressable size =    ------     ------
  far data size        =    ------     ------
  huge data size       =    ------     ------
  const size           =    ------     ------
  hconst size          =       173     ------
End of Module Information.


C251 COMPILATION COMPLETE.  1 WARNING(S),  0 ERROR(S)
