C251 COMPILER V5.60.0,  control                                                            02/05/26  18:20:07  PAGE 1   


C251 COMPILER V5.60.0, COMPILATION OF MODULE control
OBJECT MODULE PLACED IN .\out_file\control.obj
COMPILER INVOKED BY: D:\keil\C251\BIN\C251.EXE control.c LARGE FLOAT64 ROM(HUGE) WARNINGLEVEL(3) OPTIMIZE(0,SIZE) BROWSE
                    - INCDIR(..\..\libraries\zf_common;..\..\libraries\zf_components;..\..\libraries\zf_device;..\..\libraries\zf_driver;..\u
                    -ser;..\code;..\..\libraries\zf_components\stc32g_usb_lib;..\..\libraries\zf_components\seekfree_assistant) DEBUG PRINT(.
                    -\out_file\control.lst) TABS(2) OBJECT(.\out_file\control.obj) 

stmt  level    source

    1          #include "control.h"
    2          #include "pid.h"
    3          #include "encoder.h"
    4          #include "motor.h"
    5          #include "servo.h"
    6          #include "camera.h"
    7          
    8          /* 开源风格控制：
    9           * 固定行段偏差 PD 控舵，编码器 PI 控速，弯道内轮减速。
   10           */
   11          #define MAX_SPEED_PULSES          4000
   12          #define BASE_SPEED_MATCH_GAIN     1.05f
   13          
   14          #define SERVO_OUT_LIMIT_LEFT      (SERVO_CENTER - SERVO_L_MAX)
   15          #define SERVO_OUT_LIMIT_RIGHT     (SERVO_R_MAX - SERVO_CENTER)
   16          #define SERVO_DEADBAND_PIX        1.0f
   17          
   18          #define BIAS_FILTER_ALPHA         0.55f
   19          #define PREVIEW_FILTER_ALPHA      0.35f
   20          
   21          #define SPEED_CURVE_START         4.0f
   22          #define SPEED_CURVE_K             0.020f
   23          #define SPEED_SCALE_MIN           0.45f
   24          #define SPEED_SCALE_MAX           1.00f
   25          #define SPEED_ACCEL_UP_ALPHA      0.05f
   26          #define SPEED_ACCEL_DOWN_ALPHA    0.45f
   27          #define LOW_CONF_TH               35
   28          #define LOW_CONF_SPEED_SCALE      0.70f
   29          
   30          #define DIFF_STEER_DEADBAND       2.0f
   31          #define DIFF_MAX_RATIO            0.32f
   32          
   33          volatile uint8 print_flag = 0;
   34          
   35          int target_speed_base = 15;
   36          float servo_kp = 0.38f;
   37          float servo_kd = 0.14f;
   38          float servo_kff = 0.16f;
   39          
   40          static float abs_f(float x)
   41          {
   42   1          return (x >= 0.0f) ? x : -x;
   43   1      }
   44          
   45          static float clamp_f(float x, float min_v, float max_v)
   46          {
   47   1          if (x < min_v) return min_v;
   48   1          if (x > max_v) return max_v;
   49   1          return x;
   50   1      }
   51          
   52          static float clamp_steer_f(float x)
   53          {
   54   1          if (x > SERVO_OUT_LIMIT_RIGHT) return SERVO_OUT_LIMIT_RIGHT;
   55   1          if (x < -SERVO_OUT_LIMIT_LEFT) return -SERVO_OUT_LIMIT_LEFT;
   56   1          return x;
C251 COMPILER V5.60.0,  control                                                            02/05/26  18:20:07  PAGE 2   

   57   1      }
   58          
   59          static float steer_limit_for_side(float steer)
   60          {
   61   1          if (steer >= 0.0f) return SERVO_OUT_LIMIT_RIGHT;
   62   1          return SERVO_OUT_LIMIT_LEFT;
   63   1      }
   64          
   65          void control_init(void)
   66          {
   67   1          left_motor_speed_pid_init(0.10f, 0.002f, 0.0f, 90, 90);
   68   1          right_motor_speed_pid_init(0.10f, 0.002f, 0.0f, 90, 90);
   69   1      }
   70          
   71          void control_loop(void)
   72          {
   73   1          static uint8 loop_cnt = 0;
   74   1          static uint8 filter_init = 0;
   75   1          static uint8 speed_filter_init = 0;
   76   1          static float bias_filtered = 0.0f;
   77   1          static float preview_filtered = 0.0f;
   78   1          static float target_pulses_smooth = 0.0f;
   79   1          static float error_last = 0.0f;
   80   1      
   81   1          int bias_raw;
   82   1          int preview_raw;
   83   1          int preview_far_raw;
   84   1          int curve_raw;
   85   1          float error;
   86   1          float error_delta;
   87   1          float steer_out;
   88   1          float abs_steer;
   89   1          float steer_limit;
   90   1      
   91   1          int base_pulses;
   92   1          float curve_score;
   93   1          float speed_scale;
   94   1          float speed_alpha;
   95   1          int target_pulses_expect;
   96   1          int target_pulses;
   97   1          int diff_speed;
   98   1          int left_target_pulses;
   99   1          int right_target_pulses;
  100   1      
  101   1          bias_raw = (int)camera_bias_raw;
  102   1          if (bias_raw > 90) bias_raw = 90;
  103   1          if (bias_raw < -90) bias_raw = -90;
  104   1      
  105   1          preview_raw = (int)camera_preview_raw;
  106   1          if (preview_raw > 90) preview_raw = 90;
  107   1          if (preview_raw < -90) preview_raw = -90;
  108   1      
  109   1          preview_far_raw = (int)camera_preview_far_raw;
  110   1          if (preview_far_raw > 90) preview_far_raw = 90;
  111   1          if (preview_far_raw < -90) preview_far_raw = -90;
  112   1      
  113   1          curve_raw = (int)camera_curve_raw;
  114   1          if (curve_raw > 90) curve_raw = 90;
  115   1          if (curve_raw < -90) curve_raw = -90;
  116   1      
  117   1          if (!filter_init)
  118   1          {
  119   2              bias_filtered = (float)bias_raw;
  120   2              preview_filtered = (float)preview_raw;
  121   2              error_last = 0.0f;
  122   2              filter_init = 1;
C251 COMPILER V5.60.0,  control                                                            02/05/26  18:20:07  PAGE 3   

  123   2          }
  124   1      
  125   1          bias_filtered = bias_filtered * (1.0f - BIAS_FILTER_ALPHA) + (float)bias_raw * BIAS_FILTER_ALPHA;
  126   1          preview_filtered = preview_filtered * (1.0f - PREVIEW_FILTER_ALPHA) + (float)preview_raw * PREVIEW_FI
             -LTER_ALPHA;
  127   1      
  128   1          error = bias_filtered;
  129   1          if ((error <= SERVO_DEADBAND_PIX) && (error >= -SERVO_DEADBAND_PIX))
  130   1          {
  131   2              error = 0.0f;
  132   2          }
  133   1          else if (error > 0.0f)
  134   1          {
  135   2              error -= SERVO_DEADBAND_PIX;
  136   2          }
  137   1          else
  138   1          {
  139   2              error += SERVO_DEADBAND_PIX;
  140   2          }
  141   1      
  142   1          error_delta = error - error_last;
  143   1          error_last = error;
  144   1      
  145   1          steer_out = (-servo_kp * error) - (servo_kd * error_delta) + (servo_kff * preview_filtered);
  146   1          steer_out = clamp_steer_f(steer_out);
  147   1          servo_set_angle(SERVO_CENTER + steer_out);
  148   1      
  149   1          base_pulses = (int)((float)(((long)target_speed_base * MAX_SPEED_PULSES) / 90) * BASE_SPEED_MATCH_GAI
             -N);
  150   1      
  151   1          curve_score = abs_f(preview_filtered) +
  152   1                        0.45f * abs_f((float)preview_far_raw) +
  153   1                        0.35f * abs_f((float)curve_raw) +
  154   1                        0.70f * abs_f(steer_out);
  155   1      
  156   1          if (curve_score <= SPEED_CURVE_START)
  157   1          {
  158   2              speed_scale = SPEED_SCALE_MAX;
  159   2          }
  160   1          else
  161   1          {
  162   2              speed_scale = SPEED_SCALE_MAX - (curve_score - SPEED_CURVE_START) * SPEED_CURVE_K;
  163   2          }
  164   1          speed_scale = clamp_f(speed_scale, SPEED_SCALE_MIN, SPEED_SCALE_MAX);
  165   1      
  166   1          if (camera_confidence < LOW_CONF_TH)
  167   1          {
  168   2              speed_scale *= LOW_CONF_SPEED_SCALE;
  169   2              speed_scale = clamp_f(speed_scale, SPEED_SCALE_MIN, SPEED_SCALE_MAX);
  170   2          }
  171   1      
  172   1          target_pulses_expect = (int)((float)base_pulses * speed_scale);
  173   1          if (target_pulses_expect < 0) target_pulses_expect = 0;
  174   1      
  175   1          if (!speed_filter_init)
  176   1          {
  177   2              target_pulses_smooth = (float)target_pulses_expect;
  178   2              speed_filter_init = 1;
  179   2          }
  180   1          else
  181   1          {
  182   2              if ((float)target_pulses_expect > target_pulses_smooth)
  183   2              {
  184   3                  speed_alpha = SPEED_ACCEL_UP_ALPHA;
  185   3              }
  186   2              else
C251 COMPILER V5.60.0,  control                                                            02/05/26  18:20:07  PAGE 4   

  187   2              {
  188   3                  speed_alpha = SPEED_ACCEL_DOWN_ALPHA;
  189   3              }
  190   2              target_pulses_smooth += ((float)target_pulses_expect - target_pulses_smooth) * speed_alpha;
  191   2          }
  192   1      
  193   1          target_pulses = (int)target_pulses_smooth;
  194   1          if (target_pulses < 0) target_pulses = 0;
  195   1      
  196   1          abs_steer = abs_f(steer_out);
  197   1          diff_speed = 0;
  198   1          if (abs_steer > DIFF_STEER_DEADBAND)
  199   1          {
  200   2              steer_limit = steer_limit_for_side(steer_out);
  201   2              if (steer_limit < 1.0f) steer_limit = 1.0f;
  202   2              diff_speed = (int)((float)target_pulses * DIFF_MAX_RATIO * (abs_steer / steer_limit));
  203   2              if (diff_speed > (int)((float)target_pulses * DIFF_MAX_RATIO))
  204   2              {
  205   3                  diff_speed = (int)((float)target_pulses * DIFF_MAX_RATIO);
  206   3              }
  207   2          }
  208   1      
  209   1          if (steer_out > 0.0f)
  210   1          {
  211   2              left_target_pulses = target_pulses + diff_speed;
  212   2              right_target_pulses = target_pulses - diff_speed;
  213   2          }
  214   1          else if (steer_out < 0.0f)
  215   1          {
  216   2              left_target_pulses = target_pulses - diff_speed;
  217   2              right_target_pulses = target_pulses + diff_speed;
  218   2          }
  219   1          else
  220   1          {
  221   2              left_target_pulses = target_pulses;
  222   2              right_target_pulses = target_pulses;
  223   2          }
  224   1      
  225   1          if (left_target_pulses < 0) left_target_pulses = 0;
  226   1          if (right_target_pulses < 0) right_target_pulses = 0;
  227   1      
  228   1          encoder_update();
  229   1          left_motor_speed_pid_calc(left_target_pulses, left_speed);
  230   1          right_motor_speed_pid_calc(right_target_pulses, right_speed);
  231   1          set_motor_speed((int)left_motor_speedpid.output, (int)right_motor_speedpid.output);
  232   1      
  233   1          loop_cnt++;
  234   1          if (loop_cnt >= 5)
  235   1          {
  236   2              loop_cnt = 0;
  237   2              print_flag = 1;
  238   2          }
  239   1      }


Module Information          Static   Overlayable
------------------------------------------------
  code size            =    ------     ------
  ecode size           =      2421     ------
  data size            =    ------     ------
  idata size           =    ------     ------
  pdata size           =    ------     ------
  xdata size           =       110     ------
  xdata-const size     =    ------     ------
  edata size           =    ------     ------
  bit size             =    ------     ------
  ebit size            =    ------     ------
C251 COMPILER V5.60.0,  control                                                            02/05/26  18:20:07  PAGE 5   

  bitaddressable size  =    ------     ------
  ebitaddressable size =    ------     ------
  far data size        =    ------     ------
  huge data size       =    ------     ------
  const size           =    ------     ------
  hconst size          =        94     ------
End of Module Information.


C251 COMPILATION COMPLETE.  0 WARNING(S),  0 ERROR(S)
