C251 COMPILER V5.60.0,  main                                                               02/05/26  18:20:08  PAGE 1   


C251 COMPILER V5.60.0, COMPILATION OF MODULE main
OBJECT MODULE PLACED IN .\out_file\main.obj
COMPILER INVOKED BY: D:\keil\C251\BIN\C251.EXE ..\user\main.c LARGE FLOAT64 ROM(HUGE) WARNINGLEVEL(3) OPTIMIZE(0,SIZE) B
                    -ROWSE INCDIR(..\..\libraries\zf_common;..\..\libraries\zf_components;..\..\libraries\zf_device;..\..\libraries\zf_driver
                    -;..\user;..\code;..\..\libraries\zf_components\stc32g_usb_lib;..\..\libraries\zf_components\seekfree_assistant) DEBUG PR
                    -INT(.\out_file\main.lst) TABS(2) OBJECT(.\out_file\main.obj) 

stmt  level    source

    1          #include "zf_common_headfile.h"
    2          #include "camera.h"
    3          #include "control.h"
    4          #include "servo.h"
    5          #include "motor.h"
    6          #include <stdio.h>
    7          #include "encoder.h"
    8          #include "pid.h"
    9          #include "brushless.h"
   10          
   11          // 串口调试开关：0=关闭（提升性能），1=开启（输出fps/off/pre）
   12          #define UART_DEBUG_PRINT_ENABLE    1
   13          // 开启调试时的分频：每N次print_flag输出一次，减小串口阻塞
   14          #define UART_DEBUG_PRINT_DIV       5
   15          
   16          void main(void)
   17          {
   18   1      #if UART_DEBUG_PRINT_ENABLE
   19   1          char debug_str[64];
   20   1          uint8 uart_dbg_div = 0;
   21   1      #endif
   22   1      
   23   1          clock_init(SYSTEM_CLOCK_96M);
   24   1          debug_init();
   25   1      
   26   1          // 硬件初始化
   27   1          motor_init();
   28   1          encoder_init();
   29   1          servo_init();
   30   1          control_init();
   31   1          fan_init();
   32   1          set_fan_speed(800, 800);
   33   1          imu660ra_init();
   34   1      
   35   1      #if UART_DEBUG_PRINT_ENABLE
   36   1          // 开启无线串口，便于实时查看fps和偏差
   37   1          wireless_uart_init();
   38   1      #endif
   39   1      
   40   1          // 摄像头初始化
   41   1          camara_init();
   42   1      
   43   1          // 控制环20ms
   44   1          pit_ms_init(TIM0_PIT, 20, control_loop);
   45   1          // 1ms节拍用于统计current_fps
   46   1          pit_ms_init(TIM1_PIT, 1, my_fps_timer_callback);
   47   1      
   48   1          EA = 1;
   49   1      
   50   1          while (1)
   51   1          {
   52   2              camara_task();
   53   2      
   54   2              // print_flag大约100ms触发一次
   55   2              if (print_flag)
   56   2              {
C251 COMPILER V5.60.0,  main                                                               02/05/26  18:20:08  PAGE 2   

   57   3                  print_flag = 0;
   58   3      
   59   3      #if UART_DEBUG_PRINT_ENABLE
   60   3                  uart_dbg_div++;
   61   3                  if (uart_dbg_div >= UART_DEBUG_PRINT_DIV)
   62   3                  {
   63   4                      uart_dbg_div = 0;
   64   4                      sprintf(debug_str, "fps=%u,off=%d,pre=%d,far=%d,cur=%d,mode=%u,conf=%u\r\n",
   65   4                              current_fps, camera_bias_raw, camera_preview_raw, camera_preview_far_raw,
   66   4                              camera_curve_raw, camera_route_mode, camera_confidence);
   67   4                      wireless_uart_send_string(debug_str);
   68   4                  }
   69   3      #endif
   70   3              }
   71   2          }
   72   1      }
   73          
   74          


Module Information          Static   Overlayable
------------------------------------------------
  code size            =    ------     ------
  ecode size           =       386     ------
  data size            =    ------     ------
  idata size           =    ------     ------
  pdata size           =    ------     ------
  xdata size           =        65     ------
  xdata-const size     =    ------     ------
  edata size           =    ------     ------
  bit size             =    ------     ------
  ebit size            =    ------     ------
  bitaddressable size  =    ------     ------
  ebitaddressable size =    ------     ------
  far data size        =    ------     ------
  huge data size       =    ------     ------
  const size           =    ------     ------
  hconst size          =        55     ------
End of Module Information.


C251 COMPILATION COMPLETE.  0 WARNING(S),  0 ERROR(S)
